node.exe : ΓÜá Warning: 
Next.js inferred your 
workspace root, but it may 
not be correct.
At line:1 char:1
+ & "D:\installs/node.exe" "D
:\installs/node_modules/npm/b
in/npx-cli.js ...
+ ~~~~~~~~~~~~~~~~~~~~~~~~~~~
~~~~~~~~~~~~~~~~~~~~~~~~~~~~~
~~~~~~~~~~~~~
    + CategoryInfo           
   : NotSpecified: (ΓÜá War  
  ning: Ne...not be correc   
 t.:String) [], RemoteExc    
eption
    + FullyQualifiedErrorId  
   : NativeCommandError
 
 We detected multiple 
lockfiles and selected the 
directory of D:\SEM-6\SEM-6LA
B\AWT\package-lock.json as 
the root directory.
 To silence this warning, 
set `turbopack.root` in your 
Next.js config, or consider 
removing one of the 
lockfiles if it's not needed.
   See https://nextjs.org/doc
s/app/api-reference/config/ne
xt-config-js/turbopack#root-d
irectory for more 
information.
 Detected additional 
lockfiles: 
   * D:\SEM-6\SEM-6LAB\AWT\Pr
oject\service-management-syst
em\package-lock.json

Γû▓ Next.js 16.1.1 (Turbopack)
- Environments: .env


> Build error occurred
Error: Both middleware file 
"./middleware.ts" and proxy 
file "./proxy.ts" are 
detected. Please use 
"./proxy.ts" only. Learn 
more: https://nextjs.org/docs
/messages/middleware-to-proxy
    at ignore-listed frames
